==WARNING== Note: Running with unmodified GPU clocks. If not controlled otherwise, profiling results may be inconsistent.
==PROF== Connected to process 4308 (/usr/bin/python3.10)
==PROF== Profiling "counter_probe" - 0 (1/1): 0%....50%....100% - 9 passes
probe complete
==PROF== Disconnected from process 4308
[4308] python3.10@127.0.0.1
  counter_probe (1, 1, 1)x(256, 1, 1), Context 1, Stream 7, Device 0, CC 12.0
    Warning: Data collection happened without fixed GPU frequencies. Profiling results may be inconsistent.
    Section: GPU Speed Of Light Throughput
    ----------------------- ----------- ------------
    Metric Name             Metric Unit Metric Value
    ----------------------- ----------- ------------
    DRAM Frequency                  Ghz        13.33
    SM Frequency                    Ghz         2.95
    Elapsed Cycles                cycle         5105
    Memory Throughput                 %        14.68
    DRAM Throughput                   %         0.13
    Duration                         us         1.73
    L1/TEX Cache Throughput           %        82.61
    L2 Cache Throughput               %         0.32
    SM Active Cycles              cycle        10.89
    Compute (SM) Throughput           %         0.01
    ----------------------- ----------- ------------

    OPT   This kernel grid is too small to fill the available resources on this device, resulting in only 0.0 full      
          waves across all SMs. Look at Launch Statistics for more details.                                             

    Section: Launch Statistics
    -------------------------------- --------------- ---------------
    Metric Name                          Metric Unit    Metric Value
    -------------------------------- --------------- ---------------
    Block Size                                                   256
    Cluster Scheduling Policy                           PolicySpread
    Cluster Size                                                   0
    Function Cache Configuration                     CachePreferNone
    Grid Size                                                      1
    Preferred Cluster Size                                         0
    Registers Per Thread             register/thread              16
    Shared Memory Configuration Size           Kbyte           16.38
    Driver Shared Memory Per Block       Kbyte/block            1.02
    Dynamic Shared Memory Per Block       byte/block               0
    Static Shared Memory Per Block        byte/block               0
    # SMs                                         SM             170
    Stack Size                                                  1024
    Threads                                   thread             256
    # TPCs                                                        85
    Enabled TPC IDs                                              all
    Uses Green Context                                             0
    Waves Per SM                                                0.00
    -------------------------------- --------------- ---------------

    OPT   Est. Speedup: 99.41%                                                                                          
          The grid for this launch is configured to execute only 1 block, which is less than the GPU's 170              
          multiprocessors. This can underutilize some multiprocessors. If you do not intend to execute this kernel      
          concurrently with other workloads, consider reducing the block size to have at least one block per            
          multiprocessor or increase the size of the grid to fully utilize the available hardware resources. See the    
          Hardware Model (https://docs.nvidia.com/nsight-compute/ProfilingGuide/index.html#metrics-hw-model)            
          description for more details on launch configurations.                                                        

    Section: Occupancy
    ------------------------------- ----------- ------------
    Metric Name                     Metric Unit Metric Value
    ------------------------------- ----------- ------------
    Max Active Clusters                 cluster            0
    Max Cluster Size                      block            8
    Overall GPU Occupancy                     %            0
    Cluster Occupancy                         %            0
    Block Limit Barriers                  block           24
    Block Limit SM                        block           24
    Block Limit Registers                 block           16
    Block Limit Shared Mem                block           16
    Block Limit Warps                     block            6
    Theoretical Active Warps per SM        warp           48
    Theoretical Occupancy                     %          100
    Achieved Occupancy                        %        15.88
    Achieved Active Warps Per SM           warp         7.62
    ------------------------------- ----------- ------------

    OPT   Est. Local Speedup: 84.12%                                                                                    
          The difference between calculated theoretical (100.0%) and measured achieved occupancy (15.9%) can be the     
          result of warp scheduling overheads or workload imbalances during the kernel execution. Load imbalances can   
          occur between warps within a block as well as across blocks of the same kernel. See the CUDA Best Practices   
          Guide (https://docs.nvidia.com/cuda/cuda-c-best-practices-guide/index.html#occupancy) for more details on     
          optimizing occupancy.                                                                                         

    Section: GPU and Memory Workload Distribution
    -------------------------- ----------- ------------
    Metric Name                Metric Unit Metric Value
    -------------------------- ----------- ------------
    Average DRAM Active Cycles       cycle           30
    Total DRAM Elapsed Cycles        cycle       368640
    Average L1 Active Cycles         cycle        10.89
    Total L1 Elapsed Cycles          cycle       867248
    Average L2 Active Cycles         cycle       220.15
    Total L2 Elapsed Cycles          cycle       205872
    Average SM Active Cycles         cycle        10.89
    Total SM Elapsed Cycles          cycle       867248
    Average SMSP Active Cycles       cycle        10.39
    Total SMSP Elapsed Cycles        cycle      3468992
    -------------------------- ----------- ------------

