W0926 20:33:07.432000 12195 torch/distributed/run.py:792] 
W0926 20:33:07.432000 12195 torch/distributed/run.py:792] *****************************************
W0926 20:33:07.432000 12195 torch/distributed/run.py:792] Setting OMP_NUM_THREADS environment variable for each process to be 1 in default, to avoid your system being overloaded, please further tune the variable for optimal performance in your application as needed. 
W0926 20:33:07.432000 12195 torch/distributed/run.py:792] *****************************************
[ddp_init] Successfully set CPU affinity to cores [0, 128, 1, 129, 2, 130, 3, 131, 4, 132, 5, 133, 6, 134, 7, 135, 8, 136, 9, 137, 10, 138, 11, 139, 12, 140, 13, 141, 14, 142, 15, 143, 16, 144, 17, 145, 18, 146, 19, 147, 20, 148, 21, 149, 22, 150, 23, 151, 24, 152, 25, 153, 26, 154, 27, 155, 28, 156, 29, 157, 30, 158, 31, 159] for LOCAL_RANK 0 (NUMA node 0)
[Launcher] Intercepted requests: threads=1, workers=32
[Launcher] Affinity binding   : True
[Launcher] Applied constraints : threads=1, workers=32
[Launcher] Executing target    : train.py --num-workers 32 --threads 1 --accelerator cuda --compile-backend inductor --data-loader-queue-size 4 --features Full_Threats+PP_3Wide+HalfKAv2_hm^ --l1 1024 --l2 32 --optimizer-name adamw --lr 0.4e-3 --factorized-weight-decay 4.0e-5 --batch-size 131072 --epoch-size 134217728 --max-epochs 4500 --validation-size 268435456 --check-val-every-n-epoch 50 --random-fen-skipping 10 --early-fen-skipping 18 --soft-early-fen-skipping 32 --pc-y0 -0.20 --pc-y1 0.45 --pc-y2 1.0 --pc-y3 0.95 --pc-y4 0.75 --ply-x1 0.00 --ply-y1 0.025 --ply-x2 22.0 --ply-y2 0.05 --ply-x3 25.5 --ply-y3 0.20 --ply-x4 29.5 --ply-y4 0.80 --pow-exp 2.4340402395048404 --qp-asymmetry 0.22866886710086187 --in-scaling 295.6539508488627 --out-scaling 379.98724077106635 --in-offset 285.2706341467852 --out-offset 289.1258344152218 --one-cycle-steps 5108000 --one-cycle-warmup-pct 0.05 --one-cycle-final-div 1e3 --lambda-schedule-steps 5052000 --lambda-cycle-jitter --jitter-lambda-sample 0.0035 --jitter-lambda-batch 0.0070 --jitter-decay-lambda-batch 0.999 --start-lambda 1.0 --end-lambda 1.0 --lambda-cycle-warmup-pct 0.25 --lambda-cycle-delta -0.3 /workspace/data/wrongIsRight_nodes5000pv2.relabel-BT4-tf13tune.binpack /workspace/data/test80-2024-02-feb-2tb7p.min-v2.v6.relabel.binpack --default-root-dir /workspace/runs/baseline-real --max-epochs 4
[ddp_init] Successfully set CPU affinity to cores [96, 224, 97, 225, 98, 226, 99, 227, 100, 228, 101, 229, 102, 230, 103, 231, 104, 232, 105, 233, 106, 234, 107, 235, 108, 236, 109, 237, 110, 238, 111, 239, 112, 240, 113, 241, 114, 242, 115, 243, 116, 244, 117, 245, 118, 246, 119, 247, 120, 248, 121, 249, 122, 250, 123, 251, 124, 252, 125, 253, 126, 254, 127, 255] for LOCAL_RANK 3 (NUMA node 1)
[ddp_init] Successfully set CPU affinity to cores [32, 160, 33, 161, 34, 162, 35, 163, 36, 164, 37, 165, 38, 166, 39, 167, 40, 168, 41, 169, 42, 170, 43, 171, 44, 172, 45, 173, 46, 174, 47, 175, 48, 176, 49, 177, 50, 178, 51, 179, 52, 180, 53, 181, 54, 182, 55, 183, 56, 184, 57, 185, 58, 186, 59, 187, 60, 188, 61, 189, 62, 190, 63, 191] for LOCAL_RANK 1 (NUMA node 0)
[ddp_init] Successfully set CPU affinity to cores [64, 192, 65, 193, 66, 194, 67, 195, 68, 196, 69, 197, 70, 198, 71, 199, 72, 200, 73, 201, 74, 202, 75, 203, 76, 204, 77, 205, 78, 206, 79, 207, 80, 208, 81, 209, 82, 210, 83, 211, 84, 212, 85, 213, 86, 214, 87, 215, 88, 216, 89, 217, 90, 218, 91, 219, 92, 220, 93, 221, 94, 222, 95, 223] for LOCAL_RANK 2 (NUMA node 1)
batch_size(global)=131072 | n_devices=4 | batch_size(per_gpu)=32768
Loss parameters:
LossParams(in_offset=285.2706341467852, out_offset=289.1258344152218, in_scaling=295.6539508488627, out_scaling=379.98724077106635, lambda_config=LambdaConfig(start_lambda=1.0, end_lambda=1.0, jitter_lambda_sample=0.0035, jitter_lambda_batch=0.007, jitter_decay_lambda_batch=0.999, lambda_=1.0, lambda_schedule_steps=5052000, lambda_cycle_warmup_pct=0.25, lambda_cycle_delta=-0.3, lambda_cycle_jitter=True), pow_exp=2.4340402395048404, qp_asymmetry=0.22866886710086187, w1=0.0, w2=0.5, tb_remap_base=4000.0, tb_remap_scale=4000.0, tb_remap_decay=0.85)
Feature set: Full_Threats+PP_3Wide+HalfKAv2_hm^
Num inputs: 88944
Training with: ('/workspace/data/wrongIsRight_nodes5000pv2.relabel-BT4-tf13tune.binpack', '/workspace/data/test80-2024-02-feb-2tb7p.min-v2.v6.relabel.binpack')
Validating with: None
Seed 42
DataloaderSkipConfig(filtered=True, wld_filtered=True, random_fen_skipping=10, early_fen_skipping=18, soft_early_fen_skipping=32, simple_eval_skipping=-1, param_index=0, pc_y0=-0.2, pc_y1=0.45, pc_y2=1.0, pc_y3=0.95, pc_y4=0.75, ply_x1=0.0, ply_y1=0.025, ply_x2=22.0, ply_y2=0.05, ply_x3=25.5, ply_y3=0.2, ply_x4=29.5, ply_y4=0.8)
Using log dir /workspace/runs/baseline-real/lightning_logs/version_0
Using 32 workers for C++ data loader.
Set torch num_threads to 1 threads.

[OptimizerConfig] Using adamw optimizer with lr: 0.0004.
[OptimizerConfig] Using adamw optimizer with lr: 0.0004.
[OptimizerConfig] Using adamw optimizer with lr: 0.0004.
[OptimizerConfig] Using adamw optimizer with lr: 0.0004.
------------------------------------------------------------
Epoch  0 (Train):  20%|   205/1024  [00:29<01:57,   6.97it/s, train_loss=0.04184, v_num=version_0]
Epoch  0 (Train):  40%|   410/1024  [00:35<00:52,  11.71it/s, train_loss=0.03320, v_num=version_0]
Epoch  0 (Train):  60%|   615/1024  [00:40<00:27,  15.08it/s, train_loss=0.02394, v_num=version_0]
Epoch  0 (Train):  80%|   820/1024  [00:46<00:11,  17.64it/s, train_loss=0.01857, v_num=version_0]
Epoch  0 (Train): 100%|  1024/1024  [00:52<00:00,  19.63it/s, train_loss=0.01523, v_num=version_0]
Epoch  0 (Train): [train_loss_epoch=0.02975]
------------------------------------------------------------
Epoch  1 (Train):  20%|   205/1024  [00:05<00:20,  39.45it/s, train_loss=0.01378, v_num=version_0]
Epoch  1 (Train):  40%|   410/1024  [00:10<00:15,  38.53it/s, train_loss=0.01296, v_num=version_0]
Epoch  1 (Train):  60%|   615/1024  [00:16<00:11,  37.17it/s, train_loss=0.01228, v_num=version_0]
Epoch  1 (Train):  80%|   820/1024  [00:22<00:05,  36.42it/s, train_loss=0.01253, v_num=version_0]
Epoch  1 (Train): 100%|  1024/1024  [00:28<00:00,  36.11it/s, train_loss=0.01181, v_num=version_0]
Epoch  1 (Train): [train_loss_epoch=0.01294]
------------------------------------------------------------
Epoch  2 (Train):  20%|   205/1024  [00:05<00:20,  39.51it/s, train_loss=0.01168, v_num=version_0]
Epoch  2 (Train):  40%|   410/1024  [00:10<00:16,  38.27it/s, train_loss=0.01141, v_num=version_0]
Epoch  2 (Train):  60%|   615/1024  [00:16<00:11,  37.11it/s, train_loss=0.01107, v_num=version_0]
Epoch  2 (Train):  80%|   820/1024  [00:22<00:05,  36.61it/s, train_loss=0.01134, v_num=version_0]
Epoch  2 (Train): 100%|  1024/1024  [00:28<00:00,  36.44it/s, train_loss=0.01072, v_num=version_0]
Epoch  2 (Train): [train_loss_epoch=0.01131]
------------------------------------------------------------
Epoch  3 (Train):  20%|   205/1024  [00:05<00:20,  39.86it/s, train_loss=0.01063, v_num=version_0]
Epoch  3 (Train):  40%|   410/1024  [00:10<00:15,  38.83it/s, train_loss=0.01077, v_num=version_0]
Epoch  3 (Train):  60%|   615/1024  [00:16<00:10,  37.83it/s, train_loss=0.01061, v_num=version_0]
Epoch  3 (Train):  80%|   820/1024  [00:21<00:05,  37.29it/s, train_loss=0.01063, v_num=version_0]
Epoch  3 (Train): 100%|  1024/1024  [00:27<00:00,  36.85it/s, train_loss=0.01042, v_num=version_0]
Epoch  3 (Train): [train_loss_epoch=0.01063]
